<?xml version="1.0" encoding="utf-8"?><testsuites name="pytest tests"><testsuite name="pytest" errors="0" failures="3" skipped="0" tests="95" time="607.009" timestamp="2026-01-11T09:36:07.473073+01:00" hostname="zmaros-MBP"><testcase classname="tests.collectors.test_jira_collector.TestJiraCollector" name="test_parse_issue_response_extracts_all_fields" time="0.001" /><testcase classname="tests.collectors.test_jira_collector.TestJiraCollector" name="test_parse_issue_extracts_dates" time="0.000" /><testcase classname="tests.collectors.test_jira_collector.TestJiraCollector" name="test_calculate_status_times_from_changelog" time="0.000" /><testcase classname="tests.collectors.test_jira_collector.TestJiraCollector" name="test_calculate_time_in_status" time="0.000" /><testcase classname="tests.collectors.test_jira_collector.TestJiraCollector" name="test_parse_filter_response_extracts_issues" time="0.000" /><testcase classname="tests.collectors.test_jira_collector.TestJiraCollector" name="test_filter_response_identifies_wip_vs_completed" time="0.000" /><testcase classname="tests.collectors.test_jira_collector.TestJiraCollector" name="test_calculate_wip_age_distribution" time="0.001"><failure message="assert 6 == 7">tests/collectors/test_jira_collector.py:121: in test_calculate_wip_age_distribution
    assert age_days == 7  # Issue is 7 days old
    ^^^^^^^^^^^^^^^^^^^^
E   assert 6 == 7</failure></testcase><testcase classname="tests.collectors.test_jira_collector.TestJiraCollector" name="test_bucket_wip_ages_correctly" time="0.000" /><testcase classname="tests.collectors.test_jira_collector.TestJiraCollector" name="test_calculate_throughput_per_week" time="0.000" /><testcase classname="tests.collectors.test_jira_collector.TestJiraCollector" name="test_handles_missing_assignee" time="0.000" /><testcase classname="tests.collectors.test_jira_collector.TestJiraCollector" name="test_handles_empty_changelog" time="0.000" /><testcase classname="tests.collectors.test_jira_collector.TestJiraCollector" name="test_collect_person_issues_jql_includes_statusCategory_filter" time="0.002" /><testcase classname="tests.collectors.test_jira_collector.TestJiraCollector" name="test_collect_person_issues_jql_structure" time="0.001" /><testcase classname="tests.collectors.test_jira_collector.TestJiraCollector" name="test_collect_issue_metrics_jql_includes_statusCategory_filter" time="0.001" /><testcase classname="tests.unit.test_collect_data.TestMapGithubToJiraUsername" name="test_new_format_finds_matching_user" time="0.000" /><testcase classname="tests.unit.test_collect_data.TestMapGithubToJiraUsername" name="test_old_format_finds_matching_user_by_index" time="0.000" /><testcase classname="tests.unit.test_collect_data.TestMapGithubToJiraUsername" name="test_returns_none_when_user_not_found" time="0.000" /><testcase classname="tests.unit.test_collect_data.TestMapGithubToJiraUsername" name="test_searches_multiple_teams" time="0.000" /><testcase classname="tests.unit.test_collect_data.TestMapGithubToJiraUsername" name="test_empty_teams_list_returns_none" time="0.000" /><testcase classname="tests.unit.test_collect_data.TestMapGithubToJiraUsername" name="test_team_missing_jira_members_returns_none" time="0.000" /><testcase classname="tests.unit.test_collect_data.TestMapGithubToJiraUsername" name="test_index_out_of_range_in_old_format_returns_none" time="0.000" /><testcase classname="tests.unit.test_collect_data.TestMapGithubToJiraUsername" name="test_new_format_takes_precedence_over_old_format" time="0.000" /><testcase classname="tests.unit.test_collect_data.TestMapGithubToJiraUsername" name="test_case_sensitive_matching" time="0.001" /><testcase classname="tests.unit.test_collect_data.TestMapGithubToJiraUsername" name="test_handles_empty_github_members_list" time="0.000" /><testcase classname="tests.unit.test_collect_data.TestMapGithubToJiraUsername" name="test_new_format_with_missing_jira_key_returns_none" time="0.000" /><testcase classname="tests.unit.test_collect_data.TestMapGithubToJiraUsername" name="test_mixed_format_members_list" time="0.000" /><testcase classname="tests.unit.test_config.TestConfigLoading" name="test_load_valid_config" time="0.014" /><testcase classname="tests.unit.test_config.TestConfigLoading" name="test_missing_config_file_raises_error" time="0.001" /><testcase classname="tests.unit.test_config.TestConfigLoading" name="test_invalid_yaml_raises_error" time="0.006" /><testcase classname="tests.unit.test_config.TestConfigLoading" name="test_default_config_path" time="0.000" /><testcase classname="tests.unit.test_config.TestGitHubConfig" name="test_github_token" time="0.007" /><testcase classname="tests.unit.test_config.TestGitHubConfig" name="test_github_organization" time="0.008" /><testcase classname="tests.unit.test_config.TestGitHubConfig" name="test_github_base_url" time="0.009" /><testcase classname="tests.unit.test_config.TestGitHubConfig" name="test_github_repositories" time="0.009" /><testcase classname="tests.unit.test_config.TestGitHubConfig" name="test_github_teams" time="0.007" /><testcase classname="tests.unit.test_config.TestGitHubConfig" name="test_github_team_members" time="0.010" /><testcase classname="tests.unit.test_config.TestGitHubConfig" name="test_days_back_default" time="0.008" /><testcase classname="tests.unit.test_config.TestGitHubConfig" name="test_missing_github_section" time="0.010" /><testcase classname="tests.unit.test_config.TestJiraConfig" name="test_jira_config" time="0.012" /><testcase classname="tests.unit.test_config.TestJiraConfig" name="test_missing_jira_section" time="0.007" /><testcase classname="tests.unit.test_config.TestTeamConfig" name="test_teams_list" time="0.010" /><testcase classname="tests.unit.test_config.TestTeamConfig" name="test_get_team_by_name" time="0.009" /><testcase classname="tests.unit.test_config.TestTeamConfig" name="test_get_team_by_name_case_insensitive" time="0.011" /><testcase classname="tests.unit.test_config.TestTeamConfig" name="test_get_nonexistent_team" time="0.010" /><testcase classname="tests.unit.test_config.TestTeamConfig" name="test_team_members_structure" time="0.008" /><testcase classname="tests.unit.test_config.TestTeamConfig" name="test_team_jira_filters" time="0.011" /><testcase classname="tests.unit.test_config.TestTeamConfig" name="test_empty_teams_list" time="0.005" /><testcase classname="tests.unit.test_config.TestDashboardConfig" name="test_dashboard_config" time="0.008" /><testcase classname="tests.unit.test_config.TestDashboardConfig" name="test_dashboard_config_defaults" time="0.004" /><testcase classname="tests.unit.test_config.TestJiraTeamMembers" name="test_jira_team_members_extraction" time="0.015" /><testcase classname="tests.unit.test_config.TestJiraTeamMembers" name="test_empty_team_members" time="0.004" /><testcase classname="tests.unit.test_config.TestConfigValidation" name="test_empty_config_file" time="0.001" /><testcase classname="tests.unit.test_config.TestConfigValidation" name="test_nested_missing_values" time="0.004" /><testcase classname="tests.unit.test_metrics_calculator.TestCalculatePRMetrics" name="test_empty_dataframe_returns_zero_metrics" time="0.001" /><testcase classname="tests.unit.test_metrics_calculator.TestCalculatePRMetrics" name="test_calculates_total_and_merged_prs" time="0.006" /><testcase classname="tests.unit.test_metrics_calculator.TestCalculatePRMetrics" name="test_calculates_merge_rate_correctly" time="0.004" /><testcase classname="tests.unit.test_metrics_calculator.TestCalculatePRMetrics" name="test_calculates_cycle_time_average_and_median" time="0.004" /><testcase classname="tests.unit.test_metrics_calculator.TestCalculatePRMetrics" name="test_calculates_pr_size_distribution" time="0.004" /><testcase classname="tests.unit.test_metrics_calculator.TestCalculatePRMetrics" name="test_calculates_average_pr_size" time="0.003" /><testcase classname="tests.unit.test_metrics_calculator.TestCalculatePRMetrics" name="test_calculates_time_to_first_review" time="0.004" /><testcase classname="tests.unit.test_metrics_calculator.TestCalculatePRMetrics" name="test_handles_all_open_prs" time="0.004" /><testcase classname="tests.unit.test_metrics_calculator.TestCalculateReviewMetrics" name="test_empty_reviews_returns_zero_metrics" time="0.001" /><testcase classname="tests.unit.test_metrics_calculator.TestCalculateReviewMetrics" name="test_calculates_total_reviews" time="0.002" /><testcase classname="tests.unit.test_metrics_calculator.TestCalculateReviewMetrics" name="test_calculates_unique_reviewers" time="0.002" /><testcase classname="tests.unit.test_metrics_calculator.TestCalculateReviewMetrics" name="test_calculates_top_reviewers" time="0.002" /><testcase classname="tests.unit.test_metrics_calculator.TestCalculateReviewMetrics" name="test_calculates_avg_reviews_per_pr" time="0.002" /><testcase classname="tests.unit.test_metrics_calculator.TestCalculateContributorMetrics" name="test_empty_commits_returns_zero_metrics" time="0.001" /><testcase classname="tests.unit.test_metrics_calculator.TestCalculateContributorMetrics" name="test_calculates_total_commits" time="0.016" /><testcase classname="tests.unit.test_metrics_calculator.TestCalculateContributorMetrics" name="test_calculates_unique_contributors" time="0.003" /><testcase classname="tests.unit.test_metrics_calculator.TestCalculateContributorMetrics" name="test_calculates_lines_added_and_deleted" time="0.003" /><testcase classname="tests.unit.test_metrics_calculator.TestCalculateContributorMetrics" name="test_calculates_top_contributors" time="0.003"><failure message="AssertionError: assert {'additions': 150, 'deletions': 75, 'sha': 2} == 2">tests/unit/test_metrics_calculator.py:351: in test_calculates_top_contributors
    assert top_contributors['alice'] == 2  # Alice has 2 commits
    ^^^^^^^^^^^^^^^^^^^^^^^^^^^^^^^^^^^^^
E   AssertionError: assert {'additions': 150, 'deletions': 75, 'sha': 2} == 2</failure></testcase><testcase classname="tests.unit.test_metrics_calculator.TestTeamMetrics" name="test_calculate_team_metrics_aggregates_individual_stats" time="0.005"><failure message="KeyError: 'date'">venv/lib/python3.13/site-packages/pandas/core/indexes/base.py:3812: in get_loc
    return self._engine.get_loc(casted_key)
           ^^^^^^^^^^^^^^^^^^^^^^^^^^^^^^^^
pandas/_libs/index.pyx:167: in pandas._libs.index.IndexEngine.get_loc
    ???
pandas/_libs/index.pyx:196: in pandas._libs.index.IndexEngine.get_loc
    ???
pandas/_libs/hashtable_class_helper.pxi:7088: in pandas._libs.hashtable.PyObjectHashTable.get_item
    ???
pandas/_libs/hashtable_class_helper.pxi:7096: in pandas._libs.hashtable.PyObjectHashTable.get_item
    ???
E   KeyError: 'date'

The above exception was the direct cause of the following exception:
tests/unit/test_metrics_calculator.py:395: in test_calculate_team_metrics_aggregates_individual_stats
    contributor_metrics = calculator.calculate_contributor_metrics()
                          ^^^^^^^^^^^^^^^^^^^^^^^^^^^^^^^^^^^^^^^^^^
src/models/metrics.py:118: in calculate_contributor_metrics
    df['date_only'] = pd.to_datetime(df['date']).dt.date
                                     ^^^^^^^^^^
venv/lib/python3.13/site-packages/pandas/core/frame.py:4113: in __getitem__
    indexer = self.columns.get_loc(key)
              ^^^^^^^^^^^^^^^^^^^^^^^^^
venv/lib/python3.13/site-packages/pandas/core/indexes/base.py:3819: in get_loc
    raise KeyError(key) from err
E   KeyError: 'date'</failure></testcase><testcase classname="tests.unit.test_metrics_calculator.TestPersonMetrics" name="test_filters_metrics_by_person" time="0.004" /><testcase classname="tests.unit.test_metrics_calculator.TestEdgeCases" name="test_handles_missing_columns_gracefully" time="0.001" /><testcase classname="tests.unit.test_metrics_calculator.TestEdgeCases" name="test_handles_all_none_cycle_times" time="0.004" /><testcase classname="tests.unit.test_metrics_calculator.TestEdgeCases" name="test_handles_single_pr" time="0.003" /><testcase classname="tests.unit.test_performance_score.TestNormalize" name="test_normalize_basic" time="0.000" /><testcase classname="tests.unit.test_performance_score.TestNormalize" name="test_normalize_min_value" time="0.000" /><testcase classname="tests.unit.test_performance_score.TestNormalize" name="test_normalize_max_value" time="0.000" /><testcase classname="tests.unit.test_performance_score.TestNormalize" name="test_normalize_equal_min_max" time="0.000" /><testcase classname="tests.unit.test_performance_score.TestNormalize" name="test_normalize_fractional" time="0.000" /><testcase classname="tests.unit.test_performance_score.TestPerformanceScore" name="test_single_metric_perfect_score" time="0.000" /><testcase classname="tests.unit.test_performance_score.TestPerformanceScore" name="test_all_metrics_equal" time="0.000" /><testcase classname="tests.unit.test_performance_score.TestPerformanceScore" name="test_cycle_time_inversion" time="0.000" /><testcase classname="tests.unit.test_performance_score.TestPerformanceScore" name="test_custom_weights" time="0.000" /><testcase classname="tests.unit.test_performance_score.TestPerformanceScore" name="test_zero_metrics" time="0.000" /><testcase classname="tests.unit.test_performance_score.TestPerformanceScore" name="test_team_size_normalization" time="0.000" /><testcase classname="tests.unit.test_performance_score.TestPerformanceScore" name="test_mixed_metrics" time="0.000" /><testcase classname="tests.unit.test_performance_score.TestPerformanceScore" name="test_missing_metrics_handled" time="0.000" /><testcase classname="tests.unit.test_performance_score.TestPerformanceScore" name="test_single_team_comparison" time="0.000" /><testcase classname="tests.unit.test_performance_score.TestPerformanceScore" name="test_cycle_time_zero_handled" time="0.000" /><testcase classname="tests.unit.test_performance_score.TestPerformanceScore" name="test_all_max_values" time="0.000" /><testcase classname="tests.unit.test_performance_score.TestPerformanceScore" name="test_team_size_zero_handled" time="0.000" /><testcase classname="tests.unit.test_performance_score.TestPerformanceScore" name="test_default_weights_sum_to_one" time="0.000" /><testcase classname="tests.unit.test_performance_score.TestPerformanceScore" name="test_score_rounding" time="0.000" /></testsuite></testsuites>
